Archive member included because of file (symbol)

/usr/bin/../lib/gcc/arm-none-eabi/4.9.3/armv6-m/libgcc.a(_udivsi3.o)
                              bin/adc_11xx.o (__aeabi_uidiv)
/usr/bin/../lib/gcc/arm-none-eabi/4.9.3/armv6-m/libgcc.a(_divsi3.o)
                              bin/util.o (__aeabi_idiv)
/usr/bin/../lib/gcc/arm-none-eabi/4.9.3/armv6-m/libgcc.a(_dvmd_tls.o)
                              /usr/bin/../lib/gcc/arm-none-eabi/4.9.3/armv6-m/libgcc.a(_udivsi3.o) (__aeabi_idiv0)
/usr/bin/../lib/gcc/arm-none-eabi/4.9.3/armv6-m/libgcc.a(_aeabi_uldivmod.o)
                              bin/mcp2515.o (__aeabi_uldivmod)
/usr/bin/../lib/gcc/arm-none-eabi/4.9.3/armv6-m/libgcc.a(_fixunsdfsi.o)
                              bin/mcp2515.o (__aeabi_d2uiz)
/usr/bin/../lib/gcc/arm-none-eabi/4.9.3/armv6-m/libgcc.a(bpabi.o)
                              /usr/bin/../lib/gcc/arm-none-eabi/4.9.3/armv6-m/libgcc.a(_aeabi_uldivmod.o) (__gnu_uldivmod_helper)
/usr/bin/../lib/gcc/arm-none-eabi/4.9.3/armv6-m/libgcc.a(divdf3.o)
                              bin/main.o (__aeabi_ddiv)
/usr/bin/../lib/gcc/arm-none-eabi/4.9.3/armv6-m/libgcc.a(muldf3.o)
                              bin/mcp2515.o (__aeabi_dmul)
/usr/bin/../lib/gcc/arm-none-eabi/4.9.3/armv6-m/libgcc.a(subdf3.o)
                              /usr/bin/../lib/gcc/arm-none-eabi/4.9.3/armv6-m/libgcc.a(_fixunsdfsi.o) (__aeabi_dsub)
/usr/bin/../lib/gcc/arm-none-eabi/4.9.3/armv6-m/libgcc.a(fixdfsi.o)
                              bin/main.o (__aeabi_d2iz)
/usr/bin/../lib/gcc/arm-none-eabi/4.9.3/armv6-m/libgcc.a(floatsidf.o)
                              bin/mcp2515.o (__aeabi_i2d)
/usr/bin/../lib/gcc/arm-none-eabi/4.9.3/armv6-m/libgcc.a(_arm_cmpdf2.o)
                              /usr/bin/../lib/gcc/arm-none-eabi/4.9.3/armv6-m/libgcc.a(_fixunsdfsi.o) (__aeabi_dcmpge)
/usr/bin/../lib/gcc/arm-none-eabi/4.9.3/armv6-m/libgcc.a(_clzsi2.o)
                              /usr/bin/../lib/gcc/arm-none-eabi/4.9.3/armv6-m/libgcc.a(divdf3.o) (__clzsi2)
/usr/bin/../lib/gcc/arm-none-eabi/4.9.3/armv6-m/libgcc.a(_muldi3.o)
                              /usr/bin/../lib/gcc/arm-none-eabi/4.9.3/armv6-m/libgcc.a(bpabi.o) (__aeabi_lmul)
/usr/bin/../lib/gcc/arm-none-eabi/4.9.3/armv6-m/libgcc.a(_divdi3.o)
                              /usr/bin/../lib/gcc/arm-none-eabi/4.9.3/armv6-m/libgcc.a(bpabi.o) (__divdi3)
/usr/bin/../lib/gcc/arm-none-eabi/4.9.3/armv6-m/libgcc.a(_udivdi3.o)
                              /usr/bin/../lib/gcc/arm-none-eabi/4.9.3/armv6-m/libgcc.a(bpabi.o) (__udivdi3)
/usr/bin/../lib/gcc/arm-none-eabi/4.9.3/armv6-m/libgcc.a(eqdf2.o)
                              /usr/bin/../lib/gcc/arm-none-eabi/4.9.3/armv6-m/libgcc.a(_arm_cmpdf2.o) (__eqdf2)
/usr/bin/../lib/gcc/arm-none-eabi/4.9.3/armv6-m/libgcc.a(gedf2.o)
                              /usr/bin/../lib/gcc/arm-none-eabi/4.9.3/armv6-m/libgcc.a(_arm_cmpdf2.o) (__gedf2)
/usr/bin/../lib/gcc/arm-none-eabi/4.9.3/armv6-m/libgcc.a(ledf2.o)
                              /usr/bin/../lib/gcc/arm-none-eabi/4.9.3/armv6-m/libgcc.a(_arm_cmpdf2.o) (__ledf2)
/usr/bin/../lib/gcc/arm-none-eabi/4.9.3/armv6-m/libgcc.a(_clzdi2.o)
                              /usr/bin/../lib/gcc/arm-none-eabi/4.9.3/armv6-m/libgcc.a(_divdi3.o) (__clzdi2)
/usr/bin/../lib/gcc/arm-none-eabi/4.9.3/../../../../arm-none-eabi/lib/armv6-m/libg.a(lib_a-memcpy.o)
                              bin/ring_buffer.o (memcpy)
/usr/bin/../lib/gcc/arm-none-eabi/4.9.3/../../../../arm-none-eabi/lib/armv6-m/libg.a(lib_a-strlen.o)
                              bin/board.o (strlen)

Allocating common symbols
Common symbol       size              file

_int_pin            0x1               bin/mcp2515.o
tx                  0x1               bin/BQ7695.o
rx_buf              0xa               bin/BQ7695.o
_cs_pin             0x1               bin/mcp2515.o
msTicks             0x4               bin/board.o
_int_gpio           0x1               bin/mcp2515.o
_cs_gpio            0x1               bin/mcp2515.o

Discarded input sections

 .data          0x00000000        0x0 bin/startup_LPC11xx.o
 .bss           0x00000000        0x0 bin/startup_LPC11xx.o
 .ARM.extab.isr_vector
                0x00000000        0x0 bin/startup_LPC11xx.o
 .group         0x00000000        0x8 bin/adc_1125.o
 .group         0x00000000        0x8 bin/adc_1125.o
 .group         0x00000000        0x8 bin/adc_1125.o
 .group         0x00000000        0x8 bin/adc_1125.o
 .group         0x00000000        0x8 bin/adc_1125.o
 .group         0x00000000        0x8 bin/adc_1125.o
 .group         0x00000000        0x8 bin/adc_1125.o
 .group         0x00000000        0x8 bin/adc_1125.o
 .group         0x00000000        0x8 bin/adc_1125.o
 .group         0x00000000        0x8 bin/adc_1125.o
 .group         0x00000000        0x8 bin/adc_1125.o
 .group         0x00000000        0x8 bin/adc_1125.o
 .group         0x00000000        0x8 bin/adc_1125.o
 .group         0x00000000        0x8 bin/adc_1125.o
[...]
Memory Configuration

Name             Origin             Length             Attributes
FLASH            0x00000000         0x00008000         xr
RAM              0x10000100         0x00001f00         xrw
*default*        0x00000000         0xffffffff

Linker script and memory map

LOAD bin/startup_LPC11xx.o
LOAD bin/adc_1125.o
LOAD bin/adc_11xx.o
LOAD bin/chip_11xx.o
LOAD bin/clock_11xx.o
LOAD bin/gpio_11xx_1.o
LOAD bin/gpio_11xx_2.o
LOAD bin/gpiogroup_11xx.o
LOAD bin/i2c_11xx.o
LOAD bin/iocon_11xx.o
LOAD bin/pinint_11xx.o
LOAD bin/pmu_11xx.o
LOAD bin/ring_buffer.o
LOAD bin/ssp_11xx.o
LOAD bin/sysctl_11xx.o
LOAD bin/sysinit_11xx.o
LOAD bin/timer_11xx.o
LOAD bin/uart_11xx.o
LOAD bin/wwdt_11xx.o
LOAD bin/a123mbb.o
LOAD bin/brusa.o
LOAD bin/mcp2515.o
LOAD bin/util.o
LOAD bin/board.o
LOAD bin/BQ7695.o
LOAD bin/main.o
LOAD bin/sysinit.o
START GROUP
LOAD /usr/bin/../lib/gcc/arm-none-eabi/4.9.3/armv6-m/libgcc.a
LOAD /usr/bin/../lib/gcc/arm-none-eabi/4.9.3/../../../../arm-none-eabi/lib/armv6-m/libg.a
LOAD /usr/bin/../lib/gcc/arm-none-eabi/4.9.3/../../../../arm-none-eabi/lib/armv6-m/libc.a
END GROUP

.text           0x00000000     0x1f00
 *(.isr_vector)
 .isr_vector    0x00000000       0xd0 bin/startup_LPC11xx.o
                0x00000000                __isr_vector
                0x000000c0                Reset_Handler
 *(.text*)
 .text          0x000000d0        0xc bin/startup_LPC11xx.o
                0x000000d0                NMI_Handler
                0x000000d2                HardFault_Handler
                0x000000d4                SVC_Handler
                0x000000d6                PendSV_Handler
                0x000000da                TIMER16_0_IRQHandler
                0x000000da                UART_IRQHandler
                0x000000da                TIMER32_0_IRQHandler
                0x000000da                TIMER32_1_IRQHandler
                0x000000da                PIOINT1_IRQHandler
                0x000000da                SSP0_IRQHandler
                0x000000da                TIMER16_1_IRQHandler
                0x000000da                Default_Handler
                0x000000da                ADC_IRQHandler
                0x000000da                SSP1_IRQHandler
                0x000000da                PIOINT2_IRQHandler
                0x000000da                BOD_IRQHandler
                0x000000da                WAKEUP_IRQHandler
                0x000000da                PIOINT0_IRQHandler
                0x000000da                WDT_IRQHandler
                0x000000da                PIOINT3_IRQHandler
 .text.setStartMode
                0x000000dc       0x14 bin/adc_11xx.o
                0x000000dc                setStartMode
 .text.Chip_ADC_Init
                0x000000f0       0x60 bin/adc_11xx.o
                0x000000f0                Chip_ADC_Init
 .text.Chip_ADC_ReadValue
                0x00000150       0x16 bin/adc_11xx.o
                0x00000150                Chip_ADC_ReadValue
 .text.Chip_ADC_ReadStatus
                0x00000166       0x34 bin/adc_11xx.o
                0x00000166                Chip_ADC_ReadStatus
 *fill*         0x0000019a        0x2 
 .text.Chip_ADC_SetStartMode
                0x0000019c       0x28 bin/adc_11xx.o
                0x0000019c                Chip_ADC_SetStartMode
 .text.Chip_ADC_EnableChannel
                0x000001c4       0x28 bin/adc_11xx.o
                0x000001c4                Chip_ADC_EnableChannel
 .text.SystemCoreClockUpdate
                0x000001ec       0x10 bin/chip_11xx.o
                0x000001ec                SystemCoreClockUpdate
 .text.Chip_Clock_GetWDTOSCRate
                0x000001fc       0x28 bin/clock_11xx.o
                0x000001fc                Chip_Clock_GetWDTOSCRate
 .text.Chip_Clock_GetSystemPLLInClockRate
                0x00000224       0x28 bin/clock_11xx.o
                0x00000224                Chip_Clock_GetSystemPLLInClockRate
 .text.Chip_Clock_GetSystemPLLOutClockRate
                0x0000024c       0x18 bin/clock_11xx.o
                0x0000024c                Chip_Clock_GetSystemPLLOutClockRate
 .text.Chip_Clock_GetMainClockRate
                0x00000264       0x34 bin/clock_11xx.o
                0x00000264                Chip_Clock_GetMainClockRate
 .text.Chip_Clock_GetSystemClockRate
                0x00000298       0x14 bin/clock_11xx.o
                0x00000298                Chip_Clock_GetSystemClockRate
 .text.Chip_GPIO_Init
                0x000002ac       0x10 bin/gpio_11xx_2.o
                0x000002ac                Chip_GPIO_Init
 .text.Chip_GPIO_WriteDirBit
                0x000002bc       0x28 bin/gpio_11xx_2.o
                0x000002bc                Chip_GPIO_WriteDirBit
 .text.Chip_I2C_EventHandler
                0x000002e4       0x14 bin/i2c_11xx.o
                0x000002e4                Chip_I2C_EventHandler
 .text.handleMasterXferState
                0x000002f8       0xd4 bin/i2c_11xx.o
                0x000002f8                handleMasterXferState
 .text.getSlaveIndex
                0x000003cc       0x8c bin/i2c_11xx.o
                0x000003cc                getSlaveIndex
 .text.handleSlaveXferState
                0x00000458       0xbe bin/i2c_11xx.o
                0x00000458                handleSlaveXferState
 *fill*         0x00000516        0x2 
 .text.Chip_I2C_Init
                0x00000518       0x38 bin/i2c_11xx.o
                0x00000518                Chip_I2C_Init
 .text.Chip_I2C_SetClockRate
                0x00000550       0x24 bin/i2c_11xx.o
                0x00000550                Chip_I2C_SetClockRate
 .text.Chip_I2C_SetMasterEventHandler
                0x00000574       0x18 bin/i2c_11xx.o
                0x00000574                Chip_I2C_SetMasterEventHandler
 .text.Chip_I2C_MasterTransfer
                0x0000058c       0x5c bin/i2c_11xx.o
                0x0000058c                Chip_I2C_MasterTransfer
 .text.Chip_I2C_MasterSend
                0x000005e8       0x28 bin/i2c_11xx.o
                0x000005e8                Chip_I2C_MasterSend
 .text.Chip_I2C_MasterRead
                0x00000610       0x28 bin/i2c_11xx.o
                0x00000610                Chip_I2C_MasterRead
 .text.Chip_I2C_IsMasterActive
                0x00000638       0x1c bin/i2c_11xx.o
                0x00000638                Chip_I2C_IsMasterActive
 .text.Chip_I2C_MasterStateHandler
                0x00000654       0x20 bin/i2c_11xx.o
                0x00000654                Chip_I2C_MasterStateHandler
 .text.Chip_I2C_SlaveStateHandler
                0x00000674       0x5c bin/i2c_11xx.o
                0x00000674                Chip_I2C_SlaveStateHandler
 .text.Chip_SYSCTL_PowerUp
                0x000006d0       0x20 bin/sysctl_11xx.o
                0x000006d0                Chip_SYSCTL_PowerUp
 .text.Chip_UART_Init
                0x000006f0       0x28 bin/uart_11xx.o
                0x000006f0                Chip_UART_Init
 .text.Chip_UART_Send
                0x00000718       0x1a bin/uart_11xx.o
                0x00000718                Chip_UART_Send
 .text.Chip_UART_SendBlocking
                0x00000732       0x24 bin/uart_11xx.o
                0x00000732                Chip_UART_SendBlocking
 .text.Chip_UART_Read
                0x00000756       0x1a bin/uart_11xx.o
                0x00000756                Chip_UART_Read
 .text.Chip_UART_SetBaud
                0x00000770       0x38 bin/uart_11xx.o
                0x00000770                Chip_UART_SetBaud
 .text.__reverse
                0x000007a8       0x14 bin/util.o
                0x000007a8                __reverse
 .text.itoa     0x000007bc       0x6c bin/util.o
                0x000007bc                itoa
 .text.SysTick_Handler
                0x00000828       0x10 bin/board.o
                0x00000828                SysTick_Handler
 .text.CAN_IRQHandler
                0x00000838       0x14 bin/board.o
                0x00000838                CAN_IRQHandler
 .text.Board_SysTick_Init
                0x0000084c       0x48 bin/board.o
                0x0000084c                Board_SysTick_Init
 .text.Board_LEDs_Init
                0x00000894       0x1a bin/board.o
                0x00000894                Board_LEDs_Init
 *fill*         0x000008ae        0x2 
 .text.Board_UART_Init
                0x000008b0       0x38 bin/board.o
                0x000008b0                Board_UART_Init
 .text.Board_UART_Print
                0x000008e8       0x18 bin/board.o
                0x000008e8                Board_UART_Print
 .text.Board_UART_Println
                0x00000900       0x14 bin/board.o
                0x00000900                Board_UART_Println
 .text.Board_UART_PrintNum
                0x00000914       0x2c bin/board.o
                0x00000914                Board_UART_PrintNum
 .text.Board_UART_SendBlocking
                0x00000940       0x14 bin/board.o
                0x00000940                Board_UART_SendBlocking
 .text.Board_UART_Read
                0x00000954       0x18 bin/board.o
                0x00000954                Board_UART_Read
 .text.Board_I2C_Init
                0x0000096c       0x54 bin/board.o
                0x0000096c                Board_I2C_Init
 .text.Board_ADC_Init
                0x000009c0       0x2c bin/board.o
                0x000009c0                Board_ADC_Init
 .text.BQ7695_set_cell
                0x000009ec       0x38 bin/BQ7695.o
                0x000009ec                BQ7695_set_cell
 .text.BQ7695_disable_unecessary
                0x00000a24       0x2c bin/BQ7695.o
                0x00000a24                BQ7695_disable_unecessary
 .text.BQ7695_read_offset_corr
                0x00000a50       0xb0 bin/BQ7695.o
                0x00000a50                BQ7695_read_offset_corr
 .text.BQ7695_read_gain_corr
                0x00000b00       0x9c bin/BQ7695.o
                0x00000b00                BQ7695_read_gain_corr
 .text.BQ7695_read_cells
                0x00000b9c       0x40 bin/BQ7695.o
                0x00000b9c                BQ7695_read_cells
 .text.BQ7695_setup_corrections
                0x00000bdc       0x22 bin/BQ7695.o
                0x00000bdc                BQ7695_setup_corrections
 .text.I2C_IRQHandler
                0x00000bfe       0x1a bin/main.o
                0x00000bfe                I2C_IRQHandler
 .text.startup.main
                0x00000c18      0x130 bin/main.o
                0x00000c18                main
 .text.SystemInit
                0x00000d48       0x8c bin/sysinit.o
                0x00000d48                SystemInit
 .text          0x00000dd4      0x120 /usr/bin/../lib/gcc/arm-none-eabi/4.9.3/armv6-m/libgcc.a(_udivsi3.o)
                0x00000dd4                __udivsi3
                0x00000dd4                __aeabi_uidiv
                0x00000ee0                __aeabi_uidivmod
 .text          0x00000ef4      0x1e0 /usr/bin/../lib/gcc/arm-none-eabi/4.9.3/armv6-m/libgcc.a(_divsi3.o)
                0x00000ef4                __aeabi_idiv
                0x00000ef4                __divsi3
                0x000010c0                __aeabi_idivmod
 .text          0x000010d4        0x4 /usr/bin/../lib/gcc/arm-none-eabi/4.9.3/armv6-m/libgcc.a(_dvmd_tls.o)
                0x000010d4                __aeabi_ldiv0
                0x000010d4                __aeabi_idiv0
 .text          0x000010d8      0x648 /usr/bin/../lib/gcc/arm-none-eabi/4.9.3/armv6-m/libgcc.a(divdf3.o)
                0x000010d8                __aeabi_ddiv
 .text          0x00001720      0x534 /usr/bin/../lib/gcc/arm-none-eabi/4.9.3/armv6-m/libgcc.a(muldf3.o)
                0x00001720                __aeabi_dmul
 .text          0x00001c54       0x6c /usr/bin/../lib/gcc/arm-none-eabi/4.9.3/armv6-m/libgcc.a(fixdfsi.o)
                0x00001c54                __aeabi_d2iz
 .text          0x00001cc0       0x78 /usr/bin/../lib/gcc/arm-none-eabi/4.9.3/armv6-m/libgcc.a(floatsidf.o)
                0x00001cc0                __aeabi_i2d
 .text          0x00001d38       0x3c /usr/bin/../lib/gcc/arm-none-eabi/4.9.3/armv6-m/libgcc.a(_clzsi2.o)
                0x00001d38                __clzsi2
 .text.strlen   0x00001d74       0x68 /usr/bin/../lib/gcc/arm-none-eabi/4.9.3/../../../../arm-none-eabi/lib/armv6-m/libg.a(lib_a-strlen.o)
                0x00001d74                strlen
 *(.init)
 *(.fini)
 *crtbegin.o(.ctors)
 *crtbegin?.o(.ctors)
 *(EXCLUDE_FILE(*crtend.o *crtend?.o) .ctors)
 *(SORT(.ctors.*))
 *(.ctors)
 *crtbegin.o(.dtors)
 *crtbegin?.o(.dtors)
 *(EXCLUDE_FILE(*crtend.o *crtend?.o) .dtors)
 *(SORT(.dtors.*))
 *(.dtors)
 *(.rodata*)
 .rodata.wdtOSCRate
                0x00001ddc       0x40 bin/clock_11xx.o
 .rodata.digits.4175
                0x00001e1c       0x11 bin/util.o
 *fill*         0x00001e2d        0x3 
 .rodata.OscRateIn
                0x00001e30        0x4 bin/board.o
                0x00001e30                OscRateIn
 .rodata.str1.1
                0x00001e34        0x3 bin/board.o
 .rodata.str1.1
                0x00001e37       0x47 bin/main.o
                                 0x4a (size before relaxing)
 *fill*         0x00001e7e        0x2 
 .rodata        0x00001e80       0x40 /usr/bin/../lib/gcc/arm-none-eabi/4.9.3/armv6-m/libgcc.a(divdf3.o)
 .rodata        0x00001ec0       0x40 /usr/bin/../lib/gcc/arm-none-eabi/4.9.3/armv6-m/libgcc.a(muldf3.o)
 *(.eh_frame*)

.glue_7         0x00001f00        0x0
 .glue_7        0x00000000        0x0 linker stubs

.glue_7t        0x00001f00        0x0
 .glue_7t       0x00000000        0x0 linker stubs

.vfp11_veneer   0x00001f00        0x0
 .vfp11_veneer  0x00000000        0x0 linker stubs

.v4_bx          0x00001f00        0x0
 .v4_bx         0x00000000        0x0 linker stubs

.iplt           0x00001f00        0x0
 .iplt          0x00000000        0x0 bin/startup_LPC11xx.o

.ARM.extab
 *(.ARM.extab* .gnu.linkonce.armextab.*)
                0x00001f00                __exidx_start = .

.ARM.exidx      0x00001f00        0x8
 *(.ARM.exidx* .gnu.linkonce.armexidx.*)
 .ARM.exidx.isr_vector
                0x00001f00        0x8 bin/startup_LPC11xx.o
                0x00001f08                __exidx_end = .
                0x00001f08                __etext = .

.rel.dyn        0x00001f08        0x0
 .rel.iplt      0x00000000        0x0 bin/startup_LPC11xx.o

.data           0x10000100       0x20 load address 0x00001f08
                0x10000100                __data_start__ = .
 *(vtable)
 *(.data*)
 .data.i2c      0x10000100       0x1c bin/i2c_11xx.o
 .data.SystemCoreClock
                0x1000011c        0x4 bin/sysinit.o
                0x1000011c                SystemCoreClock
                0x10000120                . = ALIGN (0x4)
                0x10000120                PROVIDE (__preinit_array_start, .)
 *(.preinit_array)
                0x10000120                PROVIDE (__preinit_array_end, .)
                0x10000120                . = ALIGN (0x4)
                0x10000120                PROVIDE (__init_array_start, .)
 *(SORT(.init_array.*))
 *(.init_array)
                0x10000120                PROVIDE (__init_array_end, .)
                0x10000120                . = ALIGN (0x4)
                0x10000120                PROVIDE (__fini_array_start, .)
 *(SORT(.fini_array.*))
 *(.fini_array)
                0x10000120                PROVIDE (__fini_array_end, .)
 *(.jcr*)
                0x10000120                . = ALIGN (0x4)
                0x10000120                __data_end__ = .

.igot.plt       0x10000120        0x0 load address 0x00001f28
 .igot.plt      0x00000000        0x0 bin/startup_LPC11xx.o

.bss            0x10000120       0x8c load address 0x00001f28
                0x10000120                . = ALIGN (0x4)
                0x10000120                __bss_start__ = .
 *(.bss*)
 .bss.i2c_slave
                0x10000120       0x28 bin/i2c_11xx.o
 .bss.adc_setup
                0x10000148        0x8 bin/board.o
 .bss.str.6443  0x10000150       0x20 bin/board.o
 .bss.oc        0x10000170        0x7 bin/main.o
 .bss.uart_rx_buffer
                0x10000177        0x8 bin/main.o
 *fill*         0x1000017f        0x1 
 .bss.lastPrint
                0x10000180        0x4 bin/main.o
 .bss.cellVolts
                0x10000184       0x10 bin/main.o
 .bss.gc        0x10000194        0x7 bin/main.o
 *(COMMON)
 *fill*         0x1000019b        0x1 
 COMMON         0x1000019c        0x4 bin/board.o
                0x1000019c                msTicks
 COMMON         0x100001a0        0xb bin/BQ7695.o
                0x100001a0                tx
                0x100001a1                rx_buf
                0x100001ac                . = ALIGN (0x4)
 *fill*         0x100001ab        0x1 
                0x100001ac                __bss_end__ = .

.heap           0x100001b0     0x1000
                0x100001b0                __end__ = .
                0x100001b0                PROVIDE (end, .)
 *(.heap*)
 .heap          0x100001b0     0x1000 bin/startup_LPC11xx.o
                0x100001b0                __HeapBase
                0x100011b0                __HeapLimit = .

.stack_dummy    0x100001b0      0x200
 *(.stack*)
 .stack         0x100001b0      0x200 bin/startup_LPC11xx.o
                0x10002000                __StackTop = (ORIGIN (RAM) + 0x1f00)
                0x10001e00                __StackLimit = (__StackTop - SIZEOF (.stack_dummy))
                0x10002000                PROVIDE (__stack, __StackTop)
                0x00000001                ASSERT ((__StackLimit >= __HeapLimit), region RAM overflowed with stack)
OUTPUT(bin/BCM.elf elf32-littlearm)

.ARM.attributes
                0x00000000       0x2d
 .ARM.attributes
                0x00000000       0x21 bin/startup_LPC11xx.o
 .ARM.attributes
                0x00000021       0x31 bin/adc_11xx.o
 .ARM.attributes
                0x00000052       0x31 bin/chip_11xx.o
 .ARM.attributes
                0x00000083       0x31 bin/clock_11xx.o
 .ARM.attributes
                0x000000b4       0x31 bin/gpio_11xx_2.o
 .ARM.attributes
                0x000000e5       0x31 bin/i2c_11xx.o
 .ARM.attributes
                0x00000116       0x31 bin/sysctl_11xx.o
 .ARM.attributes
                0x00000147       0x31 bin/uart_11xx.o
 .ARM.attributes
                0x00000178       0x31 bin/util.o
 .ARM.attributes
                0x000001a9       0x31 bin/board.o
 .ARM.attributes
                0x000001da       0x31 bin/BQ7695.o
 .ARM.attributes
                0x0000020b       0x31 bin/main.o
 .ARM.attributes
                0x0000023c       0x31 bin/sysinit.o
 .ARM.attributes
                0x0000026d       0x1e /usr/bin/../lib/gcc/arm-none-eabi/4.9.3/armv6-m/libgcc.a(_udivsi3.o)
 .ARM.attributes
                0x0000028b       0x1e /usr/bin/../lib/gcc/arm-none-eabi/4.9.3/armv6-m/libgcc.a(_divsi3.o)
 .ARM.attributes
                0x000002a9       0x1e /usr/bin/../lib/gcc/arm-none-eabi/4.9.3/armv6-m/libgcc.a(_dvmd_tls.o)
 .ARM.attributes
                0x000002c7       0x2c /usr/bin/../lib/gcc/arm-none-eabi/4.9.3/armv6-m/libgcc.a(divdf3.o)
 .ARM.attributes
                0x000002f3       0x2c /usr/bin/../lib/gcc/arm-none-eabi/4.9.3/armv6-m/libgcc.a(muldf3.o)
 .ARM.attributes
                0x0000031f       0x2c /usr/bin/../lib/gcc/arm-none-eabi/4.9.3/armv6-m/libgcc.a(fixdfsi.o)
 .ARM.attributes
                0x0000034b       0x2c /usr/bin/../lib/gcc/arm-none-eabi/4.9.3/armv6-m/libgcc.a(floatsidf.o)
 .ARM.attributes
                0x00000377       0x1e /usr/bin/../lib/gcc/arm-none-eabi/4.9.3/armv6-m/libgcc.a(_clzsi2.o)
 .ARM.attributes
                0x00000395       0x2c /usr/bin/../lib/gcc/arm-none-eabi/4.9.3/../../../../arm-none-eabi/lib/armv6-m/libg.a(lib_a-strlen.o)

.comment        0x00000000       0x70
 .comment       0x00000000       0x70 bin/adc_11xx.o
                                 0x71 (size before relaxing)
 .comment       0x00000000       0x71 bin/chip_11xx.o
 .comment       0x00000000       0x71 bin/clock_11xx.o
 .comment       0x00000000       0x71 bin/gpio_11xx_2.o
 .comment       0x00000000       0x71 bin/i2c_11xx.o
 .comment       0x00000000       0x71 bin/sysctl_11xx.o
 .comment       0x00000000       0x71 bin/uart_11xx.o
 .comment       0x00000000       0x71 bin/util.o
 .comment       0x00000000       0x71 bin/board.o
 .comment       0x00000000       0x71 bin/BQ7695.o
 .comment       0x00000000       0x71 bin/main.o
 .comment       0x00000000       0x71 bin/sysinit.o

.debug_line     0x00000000     0x31af
 .debug_line    0x00000000       0x8c bin/startup_LPC11xx.o
 .debug_line    0x0000008c      0x496 bin/adc_11xx.o
 .debug_line    0x00000522      0x2eb bin/chip_11xx.o
 .debug_line    0x0000080d      0x3e4 bin/clock_11xx.o
 .debug_line    0x00000bf1      0x3e9 bin/gpio_11xx_2.o
 .debug_line    0x00000fda      0x630 bin/i2c_11xx.o
 .debug_line    0x0000160a      0x32d bin/sysctl_11xx.o
 .debug_line    0x00001937      0x569 bin/uart_11xx.o
 .debug_line    0x00001ea0      0x1ee bin/util.o
 .debug_line    0x0000208e      0x592 bin/board.o
 .debug_line    0x00002620      0x479 bin/BQ7695.o
 .debug_line    0x00002a99      0x41e bin/main.o
 .debug_line    0x00002eb7      0x2f8 bin/sysinit.o

.debug_info     0x00000000     0x832e
 .debug_info    0x00000000       0x94 bin/startup_LPC11xx.o
 .debug_info    0x00000094      0xe0a bin/adc_11xx.o
 .debug_info    0x00000e9e       0xe7 bin/chip_11xx.o
 .debug_info    0x00000f85      0x8fa bin/clock_11xx.o
 .debug_info    0x0000187f      0xc3d bin/gpio_11xx_2.o
 .debug_info    0x000024bc     0x1427 bin/i2c_11xx.o
 .debug_info    0x000038e3      0x592 bin/sysctl_11xx.o
 .debug_info    0x00003e75     0x125b bin/uart_11xx.o
 .debug_info    0x000050d0      0x1a3 bin/util.o
 .debug_info    0x00005273     0x1ca2 bin/board.o
 .debug_info    0x00006f15      0x83f bin/BQ7695.o
 .debug_info    0x00007754      0x6a8 bin/main.o
 .debug_info    0x00007dfc      0x532 bin/sysinit.o

.debug_abbrev   0x00000000     0x1bd3
 .debug_abbrev  0x00000000       0x12 bin/startup_LPC11xx.o
 .debug_abbrev  0x00000012      0x309 bin/adc_11xx.o
 .debug_abbrev  0x0000031b       0x9b bin/chip_11xx.o
 .debug_abbrev  0x000003b6      0x23f bin/clock_11xx.o
 .debug_abbrev  0x000005f5      0x1fb bin/gpio_11xx_2.o
 .debug_abbrev  0x000007f0      0x492 bin/i2c_11xx.o
 .debug_abbrev  0x00000c82       0xdd bin/sysctl_11xx.o
 .debug_abbrev  0x00000d5f      0x31d bin/uart_11xx.o
 .debug_abbrev  0x0000107c       0xf4 bin/util.o
 .debug_abbrev  0x00001170      0x48d bin/board.o
 .debug_abbrev  0x000015fd      0x23f bin/BQ7695.o
 .debug_abbrev  0x0000183c      0x2a9 bin/main.o
 .debug_abbrev  0x00001ae5       0xee bin/sysinit.o

.debug_aranges  0x00000000      0x458
 .debug_aranges
                0x00000000       0x28 bin/startup_LPC11xx.o
 .debug_aranges
                0x00000028       0x80 bin/adc_11xx.o
 .debug_aranges
                0x000000a8       0x20 bin/chip_11xx.o
 .debug_aranges
                0x000000c8       0x68 bin/clock_11xx.o
 .debug_aranges
                0x00000130       0x50 bin/gpio_11xx_2.o
 .debug_aranges
                0x00000180       0xc0 bin/i2c_11xx.o
 .debug_aranges
                0x00000240       0x38 bin/sysctl_11xx.o
 .debug_aranges
                0x00000278       0x80 bin/uart_11xx.o
 .debug_aranges
                0x000002f8       0x28 bin/util.o
 .debug_aranges
                0x00000320       0x88 bin/board.o
 .debug_aranges
                0x000003a8       0x60 bin/BQ7695.o
 .debug_aranges
                0x00000408       0x30 bin/main.o
 .debug_aranges
                0x00000438       0x20 bin/sysinit.o

.debug_ranges   0x00000000      0x7b0
 .debug_ranges  0x00000000       0x20 bin/startup_LPC11xx.o
 .debug_ranges  0x00000020      0x110 bin/adc_11xx.o
 .debug_ranges  0x00000130       0x10 bin/chip_11xx.o
 .debug_ranges  0x00000140       0x58 bin/clock_11xx.o
 .debug_ranges  0x00000198       0xb8 bin/gpio_11xx_2.o
 .debug_ranges  0x00000250      0x198 bin/i2c_11xx.o
 .debug_ranges  0x000003e8       0x28 bin/sysctl_11xx.o
 .debug_ranges  0x00000410      0x1a8 bin/uart_11xx.o
 .debug_ranges  0x000005b8       0x18 bin/util.o
 .debug_ranges  0x000005d0      0x160 bin/board.o
 .debug_ranges  0x00000730       0x50 bin/BQ7695.o
 .debug_ranges  0x00000780       0x20 bin/main.o
 .debug_ranges  0x000007a0       0x10 bin/sysinit.o

.debug_loc      0x00000000     0x293e
 .debug_loc     0x00000000      0x6ee bin/adc_11xx.o
 .debug_loc     0x000006ee      0x16c bin/clock_11xx.o
 .debug_loc     0x0000085a      0x46f bin/gpio_11xx_2.o
 .debug_loc     0x00000cc9      0x973 bin/i2c_11xx.o
 .debug_loc     0x0000163c       0xaf bin/sysctl_11xx.o
 .debug_loc     0x000016eb      0xab7 bin/uart_11xx.o
 .debug_loc     0x000021a2      0x172 bin/util.o
 .debug_loc     0x00002314      0x373 bin/board.o
 .debug_loc     0x00002687      0x234 bin/BQ7695.o
 .debug_loc     0x000028bb       0x3f bin/main.o
 .debug_loc     0x000028fa       0x44 bin/sysinit.o

.debug_macro    0x00000000     0x17ce
 .debug_macro   0x00000000      0x160 bin/adc_11xx.o
 .debug_macro   0x00000160      0x160 bin/chip_11xx.o
 .debug_macro   0x000002c0      0x160 bin/clock_11xx.o
 .debug_macro   0x00000420      0x160 bin/gpio_11xx_2.o
 .debug_macro   0x00000580      0x172 bin/i2c_11xx.o
 .debug_macro   0x000006f2      0x18a bin/sysctl_11xx.o
 .debug_macro   0x0000087c      0x160 bin/uart_11xx.o
 .debug_macro   0x000009dc       0x76 bin/util.o
 .debug_macro   0x00000a52      0x225 bin/board.o
 .debug_macro   0x00000c77       0x64 bin/board.o
 .debug_macro   0x00000cdb      0x22e bin/BQ7695.o
 .debug_macro   0x00000f09      0x15c bin/BQ7695.o
 .debug_macro   0x00001065      0x28a bin/main.o
 .debug_macro   0x000012ef       0x1c bin/main.o
 .debug_macro   0x0000130b       0x10 bin/main.o
 .debug_macro   0x0000131b       0x10 bin/main.o
 .debug_macro   0x0000132b       0x22 bin/main.o
 .debug_macro   0x0000134d       0xbe bin/main.o
 .debug_macro   0x0000140b       0x16 bin/main.o
 .debug_macro   0x00001421      0x197 bin/main.o
 .debug_macro   0x000015b8      0x216 bin/sysinit.o

.debug_str      0x00000000     0xd491
 .debug_str     0x00000000     0x792b bin/adc_11xx.o
                               0x7b3e (size before relaxing)
 .debug_str     0x0000792b       0x60 bin/chip_11xx.o
                               0x726c (size before relaxing)
 .debug_str     0x0000798b      0x55e bin/clock_11xx.o
                               0x7a12 (size before relaxing)
 .debug_str     0x00007ee9      0x283 bin/gpio_11xx_2.o
                               0x78fa (size before relaxing)
 .debug_str     0x0000816c      0x5bc bin/i2c_11xx.o
                               0x7c5f (size before relaxing)
 .debug_str     0x00008728      0x19c bin/sysctl_11xx.o
                               0x765c (size before relaxing)
 .debug_str     0x000088c4      0x38e bin/uart_11xx.o
                               0x7a36 (size before relaxing)
 .debug_str     0x00008c52       0x76 bin/util.o
                               0x322d (size before relaxing)
 .debug_str     0x00008cc8     0x3021 bin/board.o
                               0xaaa7 (size before relaxing)
 .debug_str     0x0000bce9      0x828 bin/BQ7695.o
                               0xa321 (size before relaxing)
 .debug_str     0x0000c511      0xca5 bin/main.o
                               0xae07 (size before relaxing)
 .debug_str     0x0000d1b6      0x2db bin/sysinit.o
                               0x7781 (size before relaxing)

.debug_frame    0x00000000      0xc2c
 .debug_frame   0x00000000      0x130 bin/adc_11xx.o
 .debug_frame   0x00000130       0x2c bin/chip_11xx.o
 .debug_frame   0x0000015c       0xe0 bin/clock_11xx.o
 .debug_frame   0x0000023c       0xc4 bin/gpio_11xx_2.o
 .debug_frame   0x00000300      0x214 bin/i2c_11xx.o
 .debug_frame   0x00000514       0x5c bin/sysctl_11xx.o
 .debug_frame   0x00000570      0x1d0 bin/uart_11xx.o
 .debug_frame   0x00000740       0x48 bin/util.o
 .debug_frame   0x00000788      0x1a8 bin/board.o
 .debug_frame   0x00000930      0x130 bin/BQ7695.o
 .debug_frame   0x00000a60       0x68 bin/main.o
 .debug_frame   0x00000ac8       0x2c bin/sysinit.o
 .debug_frame   0x00000af4       0x20 /usr/bin/../lib/gcc/arm-none-eabi/4.9.3/armv6-m/libgcc.a(_udivsi3.o)
 .debug_frame   0x00000b14       0x20 /usr/bin/../lib/gcc/arm-none-eabi/4.9.3/armv6-m/libgcc.a(_divsi3.o)
 .debug_frame   0x00000b34       0x3c /usr/bin/../lib/gcc/arm-none-eabi/4.9.3/armv6-m/libgcc.a(divdf3.o)
 .debug_frame   0x00000b70       0x3c /usr/bin/../lib/gcc/arm-none-eabi/4.9.3/armv6-m/libgcc.a(muldf3.o)
 .debug_frame   0x00000bac       0x2c /usr/bin/../lib/gcc/arm-none-eabi/4.9.3/armv6-m/libgcc.a(fixdfsi.o)
 .debug_frame   0x00000bd8       0x2c /usr/bin/../lib/gcc/arm-none-eabi/4.9.3/armv6-m/libgcc.a(floatsidf.o)
 .debug_frame   0x00000c04       0x28 /usr/bin/../lib/gcc/arm-none-eabi/4.9.3/../../../../arm-none-eabi/lib/armv6-m/libg.a(lib_a-strlen.o)

Cross Reference Table

Symbol                                            File
ADC_IRQHandler                                    bin/startup_LPC11xx.o
BOD_IRQHandler                                    bin/startup_LPC11xx.o
BQ7695_disable_unecessary                         bin/BQ7695.o
                                                  bin/main.o
BQ7695_over_current                               bin/BQ7695.o
BQ7695_read_cells                                 bin/BQ7695.o
                                                  bin/main.o
BQ7695_read_current                               bin/BQ7695.o
BQ7695_read_gain_corr                             bin/BQ7695.o
BQ7695_read_offset_corr                           bin/BQ7695.o
BQ7695_read_status                                bin/BQ7695.o
BQ7695_set_cell                                   bin/BQ7695.o
BQ7695_setup_corrections                          bin/BQ7695.o
                                                  bin/main.o
Board_ADC_Init                                    bin/board.o
                                                  bin/main.o
Board_CAN_Init                                    bin/board.o
Board_I2C_Init                                    bin/board.o
                                                  bin/main.o
Board_LEDs_Init                                   bin/board.o
                                                  bin/main.o
Board_SysTick_Init                                bin/board.o
                                                  bin/main.o
Board_UART_Init                                   bin/board.o
                                                  bin/main.o
Board_UART_Print                                  bin/board.o
                                                  bin/main.o
Board_UART_PrintNum                               bin/board.o
                                                  bin/main.o
Board_UART_Println                                bin/board.o
                                                  bin/main.o
Board_UART_Read                                   bin/board.o
                                                  bin/main.o
Board_UART_SendBlocking                           bin/board.o
                                                  bin/main.o
Brusa_Decode                                      bin/brusa.o
Brusa_DecodeActI                                  bin/brusa.o
Brusa_DecodeActII                                 bin/brusa.o
Brusa_DecodeErr                                   bin/brusa.o
Brusa_DecodeStatus                                bin/brusa.o
Brusa_DecodeTemp                                  bin/brusa.o
Brusa_MakeCTL                                     bin/brusa.o
CAN_IRQHandler                                    bin/board.o
                                                  bin/startup_LPC11xx.o
CAN_baudrate_calculate                            bin/board.o
Chip_ADC_DeInit                                   bin/adc_11xx.o
Chip_ADC_EnableChannel                            bin/adc_11xx.o
                                                  bin/board.o
Chip_ADC_Init                                     bin/adc_11xx.o
                                                  bin/board.o
Chip_ADC_Int_SetChannelCmd                        bin/adc_11xx.o
Chip_ADC_ReadByte                                 bin/adc_11xx.o
Chip_ADC_ReadStatus                               bin/adc_11xx.o
                                                  bin/BQ7695.o
Chip_ADC_ReadValue                                bin/adc_11xx.o
                                                  bin/BQ7695.o
Chip_ADC_SetBurstCmd                              bin/adc_11xx.o
Chip_ADC_SetResolution                            bin/adc_11xx.o
Chip_ADC_SetSampleRate                            bin/adc_11xx.o
Chip_ADC_SetStartMode                             bin/adc_11xx.o
                                                  bin/BQ7695.o
Chip_Clock_GetMainClockRate                       bin/clock_11xx.o
                                                  bin/board.o
                                                  bin/uart_11xx.o
                                                  bin/ssp_11xx.o
Chip_Clock_GetSystemClockRate                     bin/clock_11xx.o
                                                  bin/chip_11xx.o
                                                  bin/adc_11xx.o
Chip_Clock_GetSystemPLLInClockRate                bin/clock_11xx.o
Chip_Clock_GetSystemPLLOutClockRate               bin/clock_11xx.o
Chip_Clock_GetWDTOSCRate                          bin/clock_11xx.o
Chip_Clock_SetCLKOUTSource                        bin/clock_11xx.o
Chip_Clock_SetMainClockSource                     bin/clock_11xx.o
                                                  bin/sysinit_11xx.o
Chip_Clock_SetPLLBypass                           bin/clock_11xx.o
Chip_Clock_SetSystemPLLSource                     bin/clock_11xx.o
                                                  bin/sysinit_11xx.o
Chip_Clock_SetWDTClockSource                      bin/clock_11xx.o
Chip_GPIO_DeInit                                  bin/gpio_11xx_2.o
Chip_GPIO_Init                                    bin/gpio_11xx_2.o
                                                  bin/board.o
Chip_GPIO_SetDir                                  bin/gpio_11xx_2.o
Chip_GPIO_SetPinDIR                               bin/gpio_11xx_2.o
Chip_GPIO_SetPortDIR                              bin/gpio_11xx_2.o
Chip_GPIO_SetupPinInt                             bin/gpio_11xx_2.o
Chip_GPIO_WriteDirBit                             bin/gpio_11xx_2.o
                                                  bin/board.o
                                                  bin/mcp2515.o
Chip_I2C_DeInit                                   bin/i2c_11xx.o
Chip_I2C_Disable                                  bin/i2c_11xx.o
Chip_I2C_EventHandler                             bin/i2c_11xx.o
                                                  bin/board.o
Chip_I2C_EventHandlerPolling                      bin/i2c_11xx.o
Chip_I2C_GetClockRate                             bin/i2c_11xx.o
Chip_I2C_GetMasterEventHandler                    bin/i2c_11xx.o
Chip_I2C_Init                                     bin/i2c_11xx.o
                                                  bin/board.o
Chip_I2C_IsMasterActive                           bin/i2c_11xx.o
                                                  bin/main.o
Chip_I2C_IsStateChanged                           bin/i2c_11xx.o
Chip_I2C_MasterCmdRead                            bin/i2c_11xx.o
Chip_I2C_MasterRead                               bin/i2c_11xx.o
                                                  bin/BQ7695.o
Chip_I2C_MasterSend                               bin/i2c_11xx.o
                                                  bin/BQ7695.o
Chip_I2C_MasterStateHandler                       bin/i2c_11xx.o
                                                  bin/main.o
Chip_I2C_MasterTransfer                           bin/i2c_11xx.o
Chip_I2C_SetClockRate                             bin/i2c_11xx.o
                                                  bin/board.o
Chip_I2C_SetMasterEventHandler                    bin/i2c_11xx.o
                                                  bin/board.o
Chip_I2C_SlaveSetup                               bin/i2c_11xx.o
Chip_I2C_SlaveStateHandler                        bin/i2c_11xx.o
                                                  bin/main.o
Chip_PMU_DeepPowerDownState                       bin/pmu_11xx.o
Chip_PMU_Sleep                                    bin/pmu_11xx.o
Chip_PMU_SleepState                               bin/pmu_11xx.o
Chip_SSP_DeInit                                   bin/ssp_11xx.o
Chip_SSP_Init                                     bin/ssp_11xx.o
Chip_SSP_Int_FlushData                            bin/ssp_11xx.o
Chip_SSP_Int_RWFrames16Bits                       bin/ssp_11xx.o
Chip_SSP_Int_RWFrames8Bits                        bin/ssp_11xx.o
Chip_SSP_RWFrames_Blocking                        bin/ssp_11xx.o
                                                  bin/mcp2515.o
Chip_SSP_ReadFrames_Blocking                      bin/ssp_11xx.o
Chip_SSP_SetBitRate                               bin/ssp_11xx.o
Chip_SSP_SetClockRate                             bin/ssp_11xx.o
Chip_SSP_SetMaster                                bin/ssp_11xx.o
Chip_SSP_WriteFrames_Blocking                     bin/ssp_11xx.o
                                                  bin/mcp2515.o
Chip_SYSCTL_PowerDown                             bin/sysctl_11xx.o
                                                  bin/sysinit_11xx.o
                                                  bin/adc_11xx.o
Chip_SYSCTL_PowerUp                               bin/sysctl_11xx.o
                                                  bin/sysinit_11xx.o
                                                  bin/adc_11xx.o
Chip_SYSCTL_SetDeepSleepPD                        bin/sysctl_11xx.o
Chip_SYSCTL_SetWakeup                             bin/sysctl_11xx.o
Chip_SystemInit                                   bin/sysinit_11xx.o
Chip_TIMER_DeInit                                 bin/timer_11xx.o
Chip_TIMER_ExtMatchControlSet                     bin/timer_11xx.o
Chip_TIMER_Init                                   bin/timer_11xx.o
Chip_TIMER_Reset                                  bin/timer_11xx.o
Chip_UART_DeInit                                  bin/uart_11xx.o
Chip_UART_IRQRBHandler                            bin/uart_11xx.o
Chip_UART_Init                                    bin/uart_11xx.o
                                                  bin/board.o
Chip_UART_RXIntHandlerRB                          bin/uart_11xx.o
Chip_UART_Read                                    bin/uart_11xx.o
                                                  bin/board.o
Chip_UART_ReadBlocking                            bin/uart_11xx.o
Chip_UART_ReadRB                                  bin/uart_11xx.o
Chip_UART_Send                                    bin/uart_11xx.o
Chip_UART_SendBlocking                            bin/uart_11xx.o
                                                  bin/board.o
Chip_UART_SendRB                                  bin/uart_11xx.o
Chip_UART_SetBaud                                 bin/uart_11xx.o
                                                  bin/board.o
Chip_UART_SetBaudFDR                              bin/uart_11xx.o
Chip_UART_TXIntHandlerRB                          bin/uart_11xx.o
Chip_WWDT_ClearStatusFlag                         bin/wwdt_11xx.o
Chip_WWDT_DeInit                                  bin/wwdt_11xx.o
Chip_WWDT_Init                                    bin/wwdt_11xx.o
Default_Handler                                   bin/startup_LPC11xx.o
HardFault_Handler                                 bin/startup_LPC11xx.o
I2C_IRQHandler                                    bin/main.o
                                                  bin/startup_LPC11xx.o
MBB_DecodeExt                                     bin/a123mbb.o
MBB_DecodeStd                                     bin/a123mbb.o
MBB_MakeCMD                                       bin/a123mbb.o
MCP2515_BitModify                                 bin/mcp2515.o
MCP2515_GetEmptyTransmitBuffer                    bin/mcp2515.o
MCP2515_GetFullReceiveBuffer                      bin/mcp2515.o
MCP2515_Init                                      bin/mcp2515.o
MCP2515_LoadBuffer                                bin/mcp2515.o
MCP2515_LoadBufferData                            bin/mcp2515.o
MCP2515_Mode                                      bin/mcp2515.o
MCP2515_Read                                      bin/mcp2515.o
MCP2515_ReadBuffer                                bin/mcp2515.o
MCP2515_Reset                                     bin/mcp2515.o
MCP2515_SendBuffer                                bin/mcp2515.o
MCP2515_SetBitRate                                bin/mcp2515.o
MCP2515_Write                                     bin/mcp2515.o
NMI_Handler                                       bin/startup_LPC11xx.o
OscRateIn                                         bin/board.o
                                                  bin/clock_11xx.o
PIOINT0_IRQHandler                                bin/startup_LPC11xx.o
PIOINT1_IRQHandler                                bin/startup_LPC11xx.o
PIOINT2_IRQHandler                                bin/startup_LPC11xx.o
PIOINT3_IRQHandler                                bin/startup_LPC11xx.o
PendSV_Handler                                    bin/startup_LPC11xx.o
Reset_Handler                                     bin/startup_LPC11xx.o
RingBuffer_Init                                   bin/ring_buffer.o
RingBuffer_Insert                                 bin/ring_buffer.o
                                                  bin/uart_11xx.o
RingBuffer_InsertMult                             bin/ring_buffer.o
                                                  bin/uart_11xx.o
RingBuffer_Pop                                    bin/ring_buffer.o
                                                  bin/uart_11xx.o
RingBuffer_PopMult                                bin/ring_buffer.o
                                                  bin/uart_11xx.o
SSP0_IRQHandler                                   bin/startup_LPC11xx.o
SSP1_IRQHandler                                   bin/startup_LPC11xx.o
SVC_Handler                                       bin/startup_LPC11xx.o
SysTick_Handler                                   bin/board.o
                                                  bin/startup_LPC11xx.o
SystemCoreClock                                   bin/sysinit.o
                                                  bin/chip_11xx.o
                                                  bin/board.o
                                                  bin/i2c_11xx.o
SystemCoreClockUpdate                             bin/chip_11xx.o
                                                  bin/board.o
SystemInit                                        bin/sysinit.o
                                                  bin/startup_LPC11xx.o
TIMER16_0_IRQHandler                              bin/startup_LPC11xx.o
TIMER16_1_IRQHandler                              bin/startup_LPC11xx.o
TIMER32_0_IRQHandler                              bin/startup_LPC11xx.o
TIMER32_1_IRQHandler                              bin/startup_LPC11xx.o
UART_IRQHandler                                   bin/startup_LPC11xx.o
WAKEUP_IRQHandler                                 bin/startup_LPC11xx.o
WDT_IRQHandler                                    bin/startup_LPC11xx.o
__HeapBase                                        bin/startup_LPC11xx.o
__HeapLimit                                       bin/startup_LPC11xx.o
__StackLimit                                      bin/startup_LPC11xx.o
__StackTop                                        bin/startup_LPC11xx.o
__aeabi_cdcmpeq                                   /usr/bin/../lib/gcc/arm-none-eabi/4.9.3/armv6-m/libgcc.a(_arm_cmpdf2.o)
__aeabi_cdcmple                                   /usr/bin/../lib/gcc/arm-none-eabi/4.9.3/armv6-m/libgcc.a(_arm_cmpdf2.o)
__aeabi_cdrcmple                                  /usr/bin/../lib/gcc/arm-none-eabi/4.9.3/armv6-m/libgcc.a(_arm_cmpdf2.o)
__aeabi_d2iz                                      /usr/bin/../lib/gcc/arm-none-eabi/4.9.3/armv6-m/libgcc.a(fixdfsi.o)
                                                  /usr/bin/../lib/gcc/arm-none-eabi/4.9.3/armv6-m/libgcc.a(_fixunsdfsi.o)
                                                  bin/main.o
__aeabi_d2uiz                                     /usr/bin/../lib/gcc/arm-none-eabi/4.9.3/armv6-m/libgcc.a(_fixunsdfsi.o)
                                                  bin/mcp2515.o
__aeabi_dcmpeq                                    /usr/bin/../lib/gcc/arm-none-eabi/4.9.3/armv6-m/libgcc.a(_arm_cmpdf2.o)
__aeabi_dcmpge                                    /usr/bin/../lib/gcc/arm-none-eabi/4.9.3/armv6-m/libgcc.a(_arm_cmpdf2.o)
                                                  /usr/bin/../lib/gcc/arm-none-eabi/4.9.3/armv6-m/libgcc.a(_fixunsdfsi.o)
__aeabi_dcmpgt                                    /usr/bin/../lib/gcc/arm-none-eabi/4.9.3/armv6-m/libgcc.a(_arm_cmpdf2.o)
__aeabi_dcmple                                    /usr/bin/../lib/gcc/arm-none-eabi/4.9.3/armv6-m/libgcc.a(_arm_cmpdf2.o)
__aeabi_dcmplt                                    /usr/bin/../lib/gcc/arm-none-eabi/4.9.3/armv6-m/libgcc.a(_arm_cmpdf2.o)
__aeabi_ddiv                                      /usr/bin/../lib/gcc/arm-none-eabi/4.9.3/armv6-m/libgcc.a(divdf3.o)
                                                  bin/main.o
__aeabi_dmul                                      /usr/bin/../lib/gcc/arm-none-eabi/4.9.3/armv6-m/libgcc.a(muldf3.o)
                                                  bin/main.o
                                                  bin/mcp2515.o
__aeabi_dsub                                      /usr/bin/../lib/gcc/arm-none-eabi/4.9.3/armv6-m/libgcc.a(subdf3.o)
                                                  /usr/bin/../lib/gcc/arm-none-eabi/4.9.3/armv6-m/libgcc.a(_fixunsdfsi.o)
__aeabi_i2d                                       /usr/bin/../lib/gcc/arm-none-eabi/4.9.3/armv6-m/libgcc.a(floatsidf.o)
                                                  bin/main.o
                                                  bin/mcp2515.o
__aeabi_idiv                                      /usr/bin/../lib/gcc/arm-none-eabi/4.9.3/armv6-m/libgcc.a(_divsi3.o)
                                                  bin/util.o
__aeabi_idiv0                                     /usr/bin/../lib/gcc/arm-none-eabi/4.9.3/armv6-m/libgcc.a(_dvmd_tls.o)
                                                  /usr/bin/../lib/gcc/arm-none-eabi/4.9.3/armv6-m/libgcc.a(_divsi3.o)
                                                  /usr/bin/../lib/gcc/arm-none-eabi/4.9.3/armv6-m/libgcc.a(_udivsi3.o)
__aeabi_idivmod                                   /usr/bin/../lib/gcc/arm-none-eabi/4.9.3/armv6-m/libgcc.a(_divsi3.o)
                                                  bin/util.o
__aeabi_ldiv0                                     /usr/bin/../lib/gcc/arm-none-eabi/4.9.3/armv6-m/libgcc.a(_dvmd_tls.o)
                                                  /usr/bin/../lib/gcc/arm-none-eabi/4.9.3/armv6-m/libgcc.a(_aeabi_uldivmod.o)
__aeabi_lmul                                      /usr/bin/../lib/gcc/arm-none-eabi/4.9.3/armv6-m/libgcc.a(_muldi3.o)
                                                  /usr/bin/../lib/gcc/arm-none-eabi/4.9.3/armv6-m/libgcc.a(bpabi.o)
__aeabi_uidiv                                     /usr/bin/../lib/gcc/arm-none-eabi/4.9.3/armv6-m/libgcc.a(_udivsi3.o)
                                                  /usr/bin/../lib/gcc/arm-none-eabi/4.9.3/armv6-m/libgcc.a(divdf3.o)
                                                  bin/board.o
                                                  bin/mcp2515.o
                                                  bin/brusa.o
                                                  bin/uart_11xx.o
                                                  bin/ssp_11xx.o
                                                  bin/i2c_11xx.o
                                                  bin/clock_11xx.o
                                                  bin/adc_11xx.o
__aeabi_uidivmod                                  /usr/bin/../lib/gcc/arm-none-eabi/4.9.3/armv6-m/libgcc.a(_udivsi3.o)
                                                  /usr/bin/../lib/gcc/arm-none-eabi/4.9.3/armv6-m/libgcc.a(divdf3.o)
                                                  bin/uart_11xx.o
__aeabi_uldivmod                                  /usr/bin/../lib/gcc/arm-none-eabi/4.9.3/armv6-m/libgcc.a(_aeabi_uldivmod.o)
                                                  bin/mcp2515.o
__clzdi2                                          /usr/bin/../lib/gcc/arm-none-eabi/4.9.3/armv6-m/libgcc.a(_clzdi2.o)
                                                  /usr/bin/../lib/gcc/arm-none-eabi/4.9.3/armv6-m/libgcc.a(_udivdi3.o)
                                                  /usr/bin/../lib/gcc/arm-none-eabi/4.9.3/armv6-m/libgcc.a(_divdi3.o)
__clzsi2                                          /usr/bin/../lib/gcc/arm-none-eabi/4.9.3/armv6-m/libgcc.a(_clzsi2.o)
                                                  /usr/bin/../lib/gcc/arm-none-eabi/4.9.3/armv6-m/libgcc.a(_clzdi2.o)
                                                  /usr/bin/../lib/gcc/arm-none-eabi/4.9.3/armv6-m/libgcc.a(floatsidf.o)
                                                  /usr/bin/../lib/gcc/arm-none-eabi/4.9.3/armv6-m/libgcc.a(subdf3.o)
                                                  /usr/bin/../lib/gcc/arm-none-eabi/4.9.3/armv6-m/libgcc.a(muldf3.o)
                                                  /usr/bin/../lib/gcc/arm-none-eabi/4.9.3/armv6-m/libgcc.a(divdf3.o)
__divdi3                                          /usr/bin/../lib/gcc/arm-none-eabi/4.9.3/armv6-m/libgcc.a(_divdi3.o)
                                                  /usr/bin/../lib/gcc/arm-none-eabi/4.9.3/armv6-m/libgcc.a(bpabi.o)
__divsi3                                          /usr/bin/../lib/gcc/arm-none-eabi/4.9.3/armv6-m/libgcc.a(_divsi3.o)
__eqdf2                                           /usr/bin/../lib/gcc/arm-none-eabi/4.9.3/armv6-m/libgcc.a(eqdf2.o)
                                                  /usr/bin/../lib/gcc/arm-none-eabi/4.9.3/armv6-m/libgcc.a(_arm_cmpdf2.o)
__fixunsdfsi                                      /usr/bin/../lib/gcc/arm-none-eabi/4.9.3/armv6-m/libgcc.a(_fixunsdfsi.o)
__gedf2                                           /usr/bin/../lib/gcc/arm-none-eabi/4.9.3/armv6-m/libgcc.a(gedf2.o)
                                                  /usr/bin/../lib/gcc/arm-none-eabi/4.9.3/armv6-m/libgcc.a(_arm_cmpdf2.o)
__gnu_ldivmod_helper                              /usr/bin/../lib/gcc/arm-none-eabi/4.9.3/armv6-m/libgcc.a(bpabi.o)
__gnu_uldivmod_helper                             /usr/bin/../lib/gcc/arm-none-eabi/4.9.3/armv6-m/libgcc.a(bpabi.o)
                                                  /usr/bin/../lib/gcc/arm-none-eabi/4.9.3/armv6-m/libgcc.a(_aeabi_uldivmod.o)
__gtdf2                                           /usr/bin/../lib/gcc/arm-none-eabi/4.9.3/armv6-m/libgcc.a(gedf2.o)
__isr_vector                                      bin/startup_LPC11xx.o
__ledf2                                           /usr/bin/../lib/gcc/arm-none-eabi/4.9.3/armv6-m/libgcc.a(ledf2.o)
                                                  /usr/bin/../lib/gcc/arm-none-eabi/4.9.3/armv6-m/libgcc.a(_arm_cmpdf2.o)
__ltdf2                                           /usr/bin/../lib/gcc/arm-none-eabi/4.9.3/armv6-m/libgcc.a(ledf2.o)
__muldi3                                          /usr/bin/../lib/gcc/arm-none-eabi/4.9.3/armv6-m/libgcc.a(_muldi3.o)
__nedf2                                           /usr/bin/../lib/gcc/arm-none-eabi/4.9.3/armv6-m/libgcc.a(eqdf2.o)
__reverse                                         bin/util.o
__udivdi3                                         /usr/bin/../lib/gcc/arm-none-eabi/4.9.3/armv6-m/libgcc.a(_udivdi3.o)
                                                  /usr/bin/../lib/gcc/arm-none-eabi/4.9.3/armv6-m/libgcc.a(bpabi.o)
__udivsi3                                         /usr/bin/../lib/gcc/arm-none-eabi/4.9.3/armv6-m/libgcc.a(_udivsi3.o)
_cs_gpio                                          bin/mcp2515.o
_cs_pin                                           bin/mcp2515.o
_delay                                            bin/main.o
_int_gpio                                         bin/mcp2515.o
_int_pin                                          bin/mcp2515.o
getSlaveIndex                                     bin/i2c_11xx.o
handleMasterXferState                             bin/i2c_11xx.o
handleSlaveXferState                              bin/i2c_11xx.o
itoa                                              bin/util.o
                                                  bin/board.o
main                                              bin/main.o
                                                  bin/startup_LPC11xx.o
memcpy                                            /usr/bin/../lib/gcc/arm-none-eabi/4.9.3/../../../../arm-none-eabi/lib/armv6-m/libg.a(lib_a-memcpy.o)
                                                  bin/ring_buffer.o
msTicks                                           bin/main.o
                                                  bin/BQ7695.o
                                                  bin/board.o
readAdcVal                                        bin/adc_11xx.o
rx_buf                                            bin/BQ7695.o
setStartMode                                      bin/adc_11xx.o
strlen                                            /usr/bin/../lib/gcc/arm-none-eabi/4.9.3/../../../../arm-none-eabi/lib/armv6-m/libg.a(lib_a-strlen.o)
                                                  bin/board.o
tx                                                bin/BQ7695.o
