board.c:11:6:SysTick_Handler	0	static
board.c:18:6:CAN_IRQHandler	8	static
board.c:27:8:Board_SysTick_Init	8	static
board.c:37:6:Board_LEDs_Init	8	static
board.c:42:6:Board_UART_Init	16	static
board.c:53:6:Board_UART_Print	8	static
board.c:57:6:Board_UART_Println	8	static
board.c:62:6:Board_UART_PrintNum	16	static
board.c:69:6:Board_UART_SendBlocking	8	static
board.c:73:8:Board_UART_Read	8	static
board.c:77:6:CAN_baudrate_calculate	32	static
board.c:103:6:Board_CAN_Init	48	static
board.c:129:6:Board_I2C_Init	8	static
board.c:143:6:Board_ADC_Init	16	static
